
[TestNormal - 1]
namespace some {
  export enum Sex {
    Female = 'female',
    Male = 'male',
  }
  export enum Status {
    Todo = 0,
    Done = 1,
    Pending = 2,
    InProgress = 3,
  }
}

---
